[train_mlm] device: mps
[train_mlm] tokenizer vocab_size=4096; extending to 4097 (added [MASK]=4096)
[paired_loader] path: output/train.txt
[paired_loader] parsed 126 samples, 630000 reads (dropped 0 reads > seq_len=64 tokens)
[paired_loader] batch recipe: K=4 samples × M=8 reads = batch size 32
[paired_loader] pad token id=4090 (<|bos|>) — never a mask candidate
[train_mlm] train-eval memorization set: 700 reads
[train_mlm] model: depth=6 n_embd=1152 params=119.48M
[train_mlm] mlm_softcap=15.0 (<=0 = off) | train mask_prob=0.15
[GPT_MLM.setup_optimizer] Muon body + AdamW heads (incl. projection_head). AdamW LR scale = 0.816497
[train_mlm] pre-step checkpoint: experiments/mlm_bigcohort_d6/checkpoint.pt (440.18 MB)
[train_mlm] periodic Probe 1 + VAL-MLM every 2000 steps -> experiments/mlm_bigcohort_d6/probe_trajectory.csv
  step 0000 | MLM=8.3214 con=3.5310 total=8.3214 | distinct_samples=4 | dt=3907ms/step (cum)
Probe 1 — Sample-coherence
  Checkpoint: experiments/mlm_bigcohort_d6/checkpoint.pt
  Val data:   output/val.txt
  Device:     mps
  N reads per sample: 50

  Sampled 700 reads across 14 samples in 1.8s
    (mean 50.0 reads per sample)
  Embedded 700 reads in 12.9s; shape=(700, 1152)
  Coherence computed in 0.2s
    AUC = 0.5219
    delta_mean = +0.0002 (within 0.9955 vs between 0.9953)
    n_within=17150, n_between=17150
  Saved -> experiments/mlm_bigcohort_d6/probe1_step02000.json
[mvt] step 2000 | wall 2205s | probe1_auc=0.5219 | val_msk top1=0.1076 CE=6.1617 | TRAIN_msk top1=0.1028 CE=6.2065 | eval_dt=40.2s
[mvt] NEW BEST AUC 0.5219 at step 2000 -> experiments/mlm_bigcohort_d6/best.pt
[mvt] NEW BEST VAL-MLM CE 6.1617 (top1=0.1076) at step 2000 -> experiments/mlm_bigcohort_d6/best_val.pt
Probe 1 — Sample-coherence
  Checkpoint: experiments/mlm_bigcohort_d6/checkpoint.pt
  Val data:   output/val.txt
  Device:     mps
  N reads per sample: 50

  Sampled 700 reads across 14 samples in 1.7s
    (mean 50.0 reads per sample)
  Embedded 700 reads in 11.4s; shape=(700, 1152)
  Coherence computed in 0.2s
    AUC = 0.5229
    delta_mean = +0.0002 (within 0.9946 vs between 0.9943)
    n_within=17150, n_between=17150
  Saved -> experiments/mlm_bigcohort_d6/probe1_step04000.json
[mvt] step 4000 | wall 4381s | probe1_auc=0.5229 | val_msk top1=0.1128 CE=6.0607 | TRAIN_msk top1=0.1049 CE=6.1223 | eval_dt=38.0s
[mvt] NEW BEST AUC 0.5229 at step 4000 -> experiments/mlm_bigcohort_d6/best.pt
[mvt] NEW BEST VAL-MLM CE 6.0607 (top1=0.1128) at step 4000 -> experiments/mlm_bigcohort_d6/best_val.pt
  step 5000 | MLM=5.6257 con=3.4359 total=5.6257 | distinct_samples=4 | dt=1087ms/step (cum)
Probe 1 — Sample-coherence
  Checkpoint: experiments/mlm_bigcohort_d6/checkpoint.pt
  Val data:   output/val.txt
  Device:     mps
  N reads per sample: 50

  Sampled 700 reads across 14 samples in 1.7s
    (mean 50.0 reads per sample)
  Embedded 700 reads in 11.4s; shape=(700, 1152)
  Coherence computed in 0.2s
    AUC = 0.5219
    delta_mean = +0.0003 (within 0.9936 vs between 0.9934)
    n_within=17150, n_between=17150
  Saved -> experiments/mlm_bigcohort_d6/probe1_step06000.json
[mvt] step 6000 | wall 6532s | probe1_auc=0.5219 | val_msk top1=0.1432 CE=5.9074 | TRAIN_msk top1=0.1305 CE=5.9975 | eval_dt=38.4s
[mvt] NEW BEST VAL-MLM CE 5.9074 (top1=0.1432) at step 6000 -> experiments/mlm_bigcohort_d6/best_val.pt
Probe 1 — Sample-coherence
  Checkpoint: experiments/mlm_bigcohort_d6/checkpoint.pt
  Val data:   output/val.txt
  Device:     mps
  N reads per sample: 50

  Sampled 700 reads across 14 samples in 1.8s
    (mean 50.0 reads per sample)
  Embedded 700 reads in 11.8s; shape=(700, 1152)
  Coherence computed in 0.2s
    AUC = 0.5173
    delta_mean = +0.0004 (within 0.9889 vs between 0.9885)
    n_within=17150, n_between=17150
  Saved -> experiments/mlm_bigcohort_d6/probe1_step08000.json
[mvt] step 8000 | wall 8707s | probe1_auc=0.5173 | val_msk top1=0.1493 CE=5.8548 | TRAIN_msk top1=0.1357 CE=5.9424 | eval_dt=38.9s
[mvt] NEW BEST VAL-MLM CE 5.8548 (top1=0.1493) at step 8000 -> experiments/mlm_bigcohort_d6/best_val.pt
  step 10000 | MLM=5.6588 con=3.4134 total=5.6588 | distinct_samples=4 | dt=1081ms/step (cum)
Probe 1 — Sample-coherence
  Checkpoint: experiments/mlm_bigcohort_d6/checkpoint.pt
  Val data:   output/val.txt
  Device:     mps
  N reads per sample: 50

  Sampled 700 reads across 14 samples in 1.8s
    (mean 50.0 reads per sample)
  Embedded 700 reads in 11.5s; shape=(700, 1152)
  Coherence computed in 0.2s
    AUC = 0.5215
    delta_mean = +0.0006 (within 0.9888 vs between 0.9883)
    n_within=17150, n_between=17150
  Saved -> experiments/mlm_bigcohort_d6/probe1_step10000.json
[mvt] step 10000 | wall 10853s | probe1_auc=0.5215 | val_msk top1=0.1537 CE=5.8185 | TRAIN_msk top1=0.1394 CE=5.8989 | eval_dt=38.3s
[mvt] NEW BEST VAL-MLM CE 5.8185 (top1=0.1537) at step 10000 -> experiments/mlm_bigcohort_d6/best_val.pt
Probe 1 — Sample-coherence
  Checkpoint: experiments/mlm_bigcohort_d6/checkpoint.pt
  Val data:   output/val.txt
  Device:     mps
  N reads per sample: 50

  Sampled 700 reads across 14 samples in 1.8s
    (mean 50.0 reads per sample)
  Embedded 700 reads in 11.6s; shape=(700, 1152)
  Coherence computed in 0.2s
    AUC = 0.5227
    delta_mean = +0.0005 (within 0.9908 vs between 0.9903)
    n_within=17150, n_between=17150
  Saved -> experiments/mlm_bigcohort_d6/probe1_step12000.json
[mvt] step 12000 | wall 13007s | probe1_auc=0.5227 | val_msk top1=0.1474 CE=5.8000 | TRAIN_msk top1=0.1383 CE=5.8844 | eval_dt=38.3s
[mvt] NEW BEST VAL-MLM CE 5.8000 (top1=0.1474) at step 12000 -> experiments/mlm_bigcohort_d6/best_val.pt
Probe 1 — Sample-coherence
  Checkpoint: experiments/mlm_bigcohort_d6/checkpoint.pt
  Val data:   output/val.txt
  Device:     mps
  N reads per sample: 50

  Sampled 700 reads across 14 samples in 1.7s
    (mean 50.0 reads per sample)
  Embedded 700 reads in 11.7s; shape=(700, 1152)
  Coherence computed in 0.2s
    AUC = 0.5197
    delta_mean = +0.0007 (within 0.9857 vs between 0.9851)
    n_within=17150, n_between=17150
  Saved -> experiments/mlm_bigcohort_d6/probe1_step14000.json
[mvt] step 14000 | wall 15157s | probe1_auc=0.5197 | val_msk top1=0.1592 CE=5.7470 | TRAIN_msk top1=0.1415 CE=5.8465 | eval_dt=38.4s
[mvt] NEW BEST VAL-MLM CE 5.7470 (top1=0.1592) at step 14000 -> experiments/mlm_bigcohort_d6/best_val.pt
  step 15000 | MLM=5.3652 con=3.4434 total=5.3652 | distinct_samples=4 | dt=1081ms/step (cum)
Probe 1 — Sample-coherence
  Checkpoint: experiments/mlm_bigcohort_d6/checkpoint.pt
  Val data:   output/val.txt
  Device:     mps
  N reads per sample: 50

  Sampled 700 reads across 14 samples in 1.6s
    (mean 50.0 reads per sample)
  Embedded 700 reads in 11.2s; shape=(700, 1152)
  Coherence computed in 0.2s
    AUC = 0.5212
    delta_mean = +0.0007 (within 0.9858 vs between 0.9851)
    n_within=17150, n_between=17150
  Saved -> experiments/mlm_bigcohort_d6/probe1_step16000.json
[mvt] step 16000 | wall 17305s | probe1_auc=0.5212 | val_msk top1=0.1529 CE=5.7469 | TRAIN_msk top1=0.1365 CE=5.8601 | eval_dt=38.1s
[mvt] NEW BEST VAL-MLM CE 5.7469 (top1=0.1529) at step 16000 -> experiments/mlm_bigcohort_d6/best_val.pt
Probe 1 — Sample-coherence
  Checkpoint: experiments/mlm_bigcohort_d6/checkpoint.pt
  Val data:   output/val.txt
  Device:     mps
  N reads per sample: 50

  Sampled 700 reads across 14 samples in 1.7s
    (mean 50.0 reads per sample)
  Embedded 700 reads in 11.6s; shape=(700, 1152)
  Coherence computed in 0.2s
    AUC = 0.5212
    delta_mean = +0.0008 (within 0.9844 vs between 0.9836)
    n_within=17150, n_between=17150
  Saved -> experiments/mlm_bigcohort_d6/probe1_step18000.json
[mvt] step 18000 | wall 19456s | probe1_auc=0.5212 | val_msk top1=0.1561 CE=5.7432 | TRAIN_msk top1=0.1381 CE=5.8596 | eval_dt=38.4s
[mvt] NEW BEST VAL-MLM CE 5.7432 (top1=0.1561) at step 18000 -> experiments/mlm_bigcohort_d6/best_val.pt
  step 20000 | MLM=5.3567 con=3.4502 total=5.3567 | distinct_samples=4 | dt=1078ms/step (cum)
Probe 1 — Sample-coherence
  Checkpoint: experiments/mlm_bigcohort_d6/checkpoint.pt
  Val data:   output/val.txt
  Device:     mps
  N reads per sample: 50

  Sampled 700 reads across 14 samples in 2.1s
    (mean 50.0 reads per sample)
  Embedded 700 reads in 11.2s; shape=(700, 1152)
  Coherence computed in 0.2s
    AUC = 0.5229
    delta_mean = +0.0011 (within 0.9830 vs between 0.9820)
    n_within=17150, n_between=17150
  Saved -> experiments/mlm_bigcohort_d6/probe1_step20000.json
[mvt] step 20000 | wall 21602s | probe1_auc=0.5229 | val_msk top1=0.1605 CE=5.6989 | TRAIN_msk top1=0.1472 CE=5.8099 | eval_dt=38.3s
[mvt] NEW BEST AUC 0.5229 at step 20000 -> experiments/mlm_bigcohort_d6/best.pt
[mvt] NEW BEST VAL-MLM CE 5.6989 (top1=0.1605) at step 20000 -> experiments/mlm_bigcohort_d6/best_val.pt
Probe 1 — Sample-coherence
  Checkpoint: experiments/mlm_bigcohort_d6/checkpoint.pt
  Val data:   output/val.txt
  Device:     mps
  N reads per sample: 50

  Sampled 700 reads across 14 samples in 1.8s
    (mean 50.0 reads per sample)
  Embedded 700 reads in 11.5s; shape=(700, 1152)
  Coherence computed in 0.2s
    AUC = 0.5222
    delta_mean = +0.0011 (within 0.9811 vs between 0.9800)
    n_within=17150, n_between=17150
  Saved -> experiments/mlm_bigcohort_d6/probe1_step22000.json
[mvt] step 22000 | wall 23747s | probe1_auc=0.5222 | val_msk top1=0.1687 CE=5.6501 | TRAIN_msk top1=0.1459 CE=5.7774 | eval_dt=38.5s
[mvt] NEW BEST VAL-MLM CE 5.6501 (top1=0.1687) at step 22000 -> experiments/mlm_bigcohort_d6/best_val.pt
Probe 1 — Sample-coherence
  Checkpoint: experiments/mlm_bigcohort_d6/checkpoint.pt
  Val data:   output/val.txt
  Device:     mps
  N reads per sample: 50

  Sampled 700 reads across 14 samples in 1.7s
    (mean 50.0 reads per sample)
  Embedded 700 reads in 11.3s; shape=(700, 1152)
  Coherence computed in 0.2s
    AUC = 0.5210
    delta_mean = +0.0010 (within 0.9827 vs between 0.9817)
    n_within=17150, n_between=17150
  Saved -> experiments/mlm_bigcohort_d6/probe1_step24000.json
[mvt] step 24000 | wall 25892s | probe1_auc=0.5210 | val_msk top1=0.1663 CE=5.6330 | TRAIN_msk top1=0.1491 CE=5.7776 | eval_dt=38.2s
[mvt] NEW BEST VAL-MLM CE 5.6330 (top1=0.1663) at step 24000 -> experiments/mlm_bigcohort_d6/best_val.pt
  step 25000 | MLM=4.9068 con=3.4358 total=4.9068 | distinct_samples=4 | dt=1078ms/step (cum)
Probe 1 — Sample-coherence
  Checkpoint: experiments/mlm_bigcohort_d6/checkpoint.pt
  Val data:   output/val.txt
  Device:     mps
  N reads per sample: 50

  Sampled 700 reads across 14 samples in 1.7s
    (mean 50.0 reads per sample)
  Embedded 700 reads in 11.5s; shape=(700, 1152)
  Coherence computed in 0.2s
    AUC = 0.5195
    delta_mean = +0.0010 (within 0.9800 vs between 0.9790)
    n_within=17150, n_between=17150
  Saved -> experiments/mlm_bigcohort_d6/probe1_step26000.json
[mvt] step 26000 | wall 28035s | probe1_auc=0.5195 | val_msk top1=0.1653 CE=5.6358 | TRAIN_msk top1=0.1480 CE=5.7292 | eval_dt=38.3s
Probe 1 — Sample-coherence
  Checkpoint: experiments/mlm_bigcohort_d6/checkpoint.pt
  Val data:   output/val.txt
  Device:     mps
  N reads per sample: 50

  Sampled 700 reads across 14 samples in 1.7s
    (mean 50.0 reads per sample)
  Embedded 700 reads in 11.6s; shape=(700, 1152)
  Coherence computed in 0.2s
    AUC = 0.5229
    delta_mean = +0.0010 (within 0.9828 vs between 0.9818)
    n_within=17150, n_between=17150
  Saved -> experiments/mlm_bigcohort_d6/probe1_step28000.json
[mvt] step 28000 | wall 30181s | probe1_auc=0.5229 | val_msk top1=0.1713 CE=5.6026 | TRAIN_msk top1=0.1514 CE=5.7107 | eval_dt=38.5s
[mvt] NEW BEST AUC 0.5229 at step 28000 -> experiments/mlm_bigcohort_d6/best.pt
[mvt] NEW BEST VAL-MLM CE 5.6026 (top1=0.1713) at step 28000 -> experiments/mlm_bigcohort_d6/best_val.pt
  step 30000 | MLM=4.9959 con=3.4475 total=4.9959 | distinct_samples=4 | dt=1076ms/step (cum)
Probe 1 — Sample-coherence
  Checkpoint: experiments/mlm_bigcohort_d6/checkpoint.pt
  Val data:   output/val.txt
  Device:     mps
  N reads per sample: 50

  Sampled 700 reads across 14 samples in 1.7s
    (mean 50.0 reads per sample)
  Embedded 700 reads in 11.4s; shape=(700, 1152)
  Coherence computed in 0.2s
    AUC = 0.5225
    delta_mean = +0.0008 (within 0.9864 vs between 0.9856)
    n_within=17150, n_between=17150
  Saved -> experiments/mlm_bigcohort_d6/probe1_step30000.json
[mvt] step 30000 | wall 32326s | probe1_auc=0.5225 | val_msk top1=0.1755 CE=5.5877 | TRAIN_msk top1=0.1522 CE=5.7342 | eval_dt=38.2s
[mvt] NEW BEST VAL-MLM CE 5.5877 (top1=0.1755) at step 30000 -> experiments/mlm_bigcohort_d6/best_val.pt
Probe 1 — Sample-coherence
  Checkpoint: experiments/mlm_bigcohort_d6/checkpoint.pt
  Val data:   output/val.txt
  Device:     mps
  N reads per sample: 50

  Sampled 700 reads across 14 samples in 1.7s
    (mean 50.0 reads per sample)
  Embedded 700 reads in 11.6s; shape=(700, 1152)
  Coherence computed in 0.2s
    AUC = 0.5207
    delta_mean = +0.0009 (within 0.9825 vs between 0.9816)
    n_within=17150, n_between=17150
  Saved -> experiments/mlm_bigcohort_d6/probe1_step32000.json
[mvt] step 32000 | wall 34469s | probe1_auc=0.5207 | val_msk top1=0.1692 CE=5.5989 | TRAIN_msk top1=0.1496 CE=5.7212 | eval_dt=38.4s
[train_mlm] MAX_RUNTIME reached at step 33452; exiting cleanly.
[train_mlm] final checkpoint: experiments/mlm_bigcohort_d6/checkpoint.pt (440.18 MB)
[train_mlm] step 0 losses: (8.321375846862793, 3.530954360961914)
[train_mlm] last losses:   (5.414161205291748, 3.4404330253601074)
