[train_mlm] device: mps
[train_mlm] tokenizer vocab_size=4096; extending to 4097 (added [MASK]=4096)
[paired_loader] path: output/train.txt
[paired_loader] parsed 126 samples, 25200 reads (dropped 0 reads > seq_len=64 tokens)
[paired_loader] batch recipe: K=4 samples × M=8 reads = batch size 32
[paired_loader] pad token id=4090 (<|bos|>) — never a mask candidate
[train_mlm] model: depth=2 n_embd=256 params=4.82M
[train_mlm] mlm_softcap=0.0 (<=0 = off) | train mask_prob=0.1
[GPT_MLM.setup_optimizer] Muon body + AdamW heads (incl. projection_head). AdamW LR scale = 1.732051
[train_mlm] pre-step checkpoint: experiments/mlm_sweep_D_both/checkpoint.pt (15.09 MB)
[train_mlm] periodic Probe 1 + VAL-MLM every 2000 steps -> experiments/mlm_sweep_D_both/probe_trajectory.csv
  step 0000 | MLM=8.3193 con=3.5614 total=8.3193 | distinct_samples=4 | dt=1357ms/step (cum)
  step 1000 | MLM=6.3489 con=3.4336 total=6.3489 | distinct_samples=4 | dt=69ms/step (cum)
  step 2000 | MLM=5.9646 con=3.4283 total=5.9646 | distinct_samples=4 | dt=68ms/step (cum)
Probe 1 — Sample-coherence
  Checkpoint: experiments/mlm_sweep_D_both/checkpoint.pt
  Val data:   output/val.txt
  Device:     mps
  N reads per sample: 50

  Sampled 700 reads across 14 samples in 1.6s
    (mean 50.0 reads per sample)
  Embedded 700 reads in 6.6s; shape=(700, 256)
  Coherence computed in 0.2s
    AUC = 0.5262
    delta_mean = +0.0002 (within 0.9945 vs between 0.9943)
    n_within=17150, n_between=17150
  Saved -> experiments/mlm_sweep_D_both/probe1_step02000.json
[mvt] step 2000 | wall 153s | probe1_auc=0.5262 | val_msk top1=0.1018 top5=0.1359 CE=6.6433 (n=3812) | eval_dt=16.2s
[mvt] NEW BEST AUC 0.5262 at step 2000 -> experiments/mlm_sweep_D_both/best.pt
[mvt] NEW BEST VAL-MLM CE 6.6433 (top1=0.1018) at step 2000 -> experiments/mlm_sweep_D_both/best_val.pt
  step 3000 | MLM=6.1569 con=3.4335 total=6.1569 | distinct_samples=4 | dt=74ms/step (cum)
  step 4000 | MLM=6.2916 con=3.4342 total=6.2916 | distinct_samples=4 | dt=72ms/step (cum)
Probe 1 — Sample-coherence
  Checkpoint: experiments/mlm_sweep_D_both/checkpoint.pt
  Val data:   output/val.txt
  Device:     mps
  N reads per sample: 50

  Sampled 700 reads across 14 samples in 1.5s
    (mean 50.0 reads per sample)
  Embedded 700 reads in 5.6s; shape=(700, 256)
  Coherence computed in 0.2s
    AUC = 0.5243
    delta_mean = +0.0001 (within 0.9960 vs between 0.9959)
    n_within=17150, n_between=17150
  Saved -> experiments/mlm_sweep_D_both/probe1_step04000.json
[mvt] step 4000 | wall 304s | probe1_auc=0.5243 | val_msk top1=0.1078 top5=0.1364 CE=6.6896 (n=3812) | eval_dt=14.9s
  step 5000 | MLM=6.3436 con=3.4312 total=6.3436 | distinct_samples=4 | dt=74ms/step (cum)
  step 6000 | MLM=6.2078 con=3.4354 total=6.2078 | distinct_samples=4 | dt=73ms/step (cum)
Probe 1 — Sample-coherence
  Checkpoint: experiments/mlm_sweep_D_both/checkpoint.pt
  Val data:   output/val.txt
  Device:     mps
  N reads per sample: 50

  Sampled 700 reads across 14 samples in 1.7s
    (mean 50.0 reads per sample)
  Embedded 700 reads in 5.7s; shape=(700, 256)
  Coherence computed in 0.2s
    AUC = 0.5194
    delta_mean = +0.0001 (within 0.9966 vs between 0.9965)
    n_within=17150, n_between=17150
  Saved -> experiments/mlm_sweep_D_both/probe1_step06000.json
[mvt] step 6000 | wall 456s | probe1_auc=0.5194 | val_msk top1=0.1081 top5=0.1435 CE=6.6323 (n=3812) | eval_dt=15.4s
[mvt] NEW BEST VAL-MLM CE 6.6323 (top1=0.1081) at step 6000 -> experiments/mlm_sweep_D_both/best_val.pt
  step 7000 | MLM=6.3572 con=3.4310 total=6.3572 | distinct_samples=4 | dt=75ms/step (cum)
  step 8000 | MLM=6.7182 con=3.4304 total=6.7182 | distinct_samples=4 | dt=74ms/step (cum)
Probe 1 — Sample-coherence
  Checkpoint: experiments/mlm_sweep_D_both/checkpoint.pt
  Val data:   output/val.txt
  Device:     mps
  N reads per sample: 50

  Sampled 700 reads across 14 samples in 1.7s
    (mean 50.0 reads per sample)
  Embedded 700 reads in 6.4s; shape=(700, 256)
  Coherence computed in 0.2s
    AUC = 0.5212
    delta_mean = +0.0001 (within 0.9971 vs between 0.9970)
    n_within=17150, n_between=17150
  Saved -> experiments/mlm_sweep_D_both/probe1_step08000.json
[mvt] step 8000 | wall 611s | probe1_auc=0.5212 | val_msk top1=0.1039 top5=0.1445 CE=6.6509 (n=3812) | eval_dt=16.0s
  step 9000 | MLM=5.8792 con=3.4356 total=5.8792 | distinct_samples=4 | dt=75ms/step (cum)
[train_mlm] final checkpoint: experiments/mlm_sweep_D_both/checkpoint.pt (15.09 MB)
[train_mlm] step 0 losses: (8.319304466247559, 3.5613865852355957)
[train_mlm] last losses:   (6.335788726806641, 3.4355998039245605)
